../Core/Src/main.c:46:13:CS_Low	8	static
../Core/Src/main.c:51:13:CS_High	8	static
../Core/Src/main.c:56:13:uart_print	16	static
../Core/Src/main.c:65:13:SPI1_TransferByte_IT	16	static
../Core/Src/main.c:86:6:HAL_SPI_TxRxCpltCallback	16	static
../Core/Src/main.c:99:6:HAL_SPI_ErrorCallback	16	static
../Core/Src/main.c:112:5:main	24	static
../Core/Src/main.c:161:6:SystemClock_Config	120	static
../Core/Src/main.c:201:13:MX_SPI1_Init	8	static
../Core/Src/main.c:229:13:MX_USART6_UART_Init	8	static
../Core/Src/main.c:249:13:MX_GPIO_Init	40	static
../Core/Src/main.c:266:6:Error_Handler	4	static,ignoring_inline_asm
