../Core/Src/main.c:85:5:main	16	static
../Core/Src/main.c:136:6:SystemClock_Config	120	static
../Core/Src/main.c:187:13:MX_USART1_UART_Init	8	static
../Core/Src/main.c:236:13:MX_USART2_UART_Init	8	static
../Core/Src/main.c:284:13:MX_GPIO_Init	16	static
../Core/Src/main.c:301:13:sbus_start_rx_it	8	static
../Core/Src/main.c:306:6:HAL_UART_RxCpltCallback	24	static
../Core/Src/main.c:339:13:sbus_decode_25bytes	24	static
../Core/Src/main.c:361:13:dbg_print_channels	264	static
../Core/Src/main.c:378:6:Error_Handler	4	static,ignoring_inline_asm
