../Core/Src/main.c:57:13:CS1_Low	8	static
../Core/Src/main.c:58:13:CS1_High	8	static
../Core/Src/main.c:60:13:CS2_Low	8	static
../Core/Src/main.c:61:13:CS2_High	8	static
../Core/Src/main.c:63:13:uart_print	16	static
../Core/Src/main.c:72:13:SPI1_StartTransfer_IT	16	static
../Core/Src/main.c:103:6:HAL_SPI_TxRxCpltCallback	16	static
../Core/Src/main.c:119:6:HAL_SPI_ErrorCallback	16	static
../Core/Src/main.c:133:5:main	24	static
../Core/Src/main.c:201:6:SystemClock_Config	120	static
../Core/Src/main.c:240:13:MX_SPI1_Init	8	static
../Core/Src/main.c:267:13:MX_USART6_UART_Init	8	static
../Core/Src/main.c:286:13:MX_GPIO_Init	40	static
../Core/Src/main.c:304:6:Error_Handler	4	static,ignoring_inline_asm
